// Vitest Snapshot v1, https://vitest.dev/guide/snapshot.html

exports[`CompanyItem > matches snapshot 1`] = `
<DocumentFragment>
  <div
    class="shadow-lg mb-3 card"
  >
    <div
      class="g-0 row"
    >
      <div
        class="col-md-8"
      >
        <div
          class="card-body"
        >
          <div
            class="card-title h5"
          >
            Sample Company
          </div>
          <p
            class="card-text"
          >
            Sample Company Description
          </p>
        </div>
      </div>
      <div
        class="col-md-4"
      >
        <img
          alt="Logo for Sample Company"
          class="card-img"
          src="https://www.logo.com"
        />
      </div>
    </div>
  </div>
</DocumentFragment>
`;
