// Vitest Snapshot v1, https://vitest.dev/guide/snapshot.html

exports[`matches snapshot 1`] = `
<DocumentFragment>
  <div>
    <div>
      Search
    </div>
    <div>
      List of Companies
    </div>
  </div>
</DocumentFragment>
`;
