// Vitest Snapshot v1, https://vitest.dev/guide/snapshot.html

exports[`matches snapshot 1`] = `
<DocumentFragment>
  <div
    class="d-flex flex-column justify-content-center align-items-center min-vh-100 text-center container"
    style="margin-top: -5rem;"
  >
    <h1
      class="text-shadow"
    >
      Jobly
    </h1>
    <h2
      class="text-shadow"
    >
      All the jobs in one, convenient place.
    </h2>
  </div>
</DocumentFragment>
`;
