// Vitest Snapshot v1, https://vitest.dev/guide/snapshot.html

exports[`matches snapshot 1`] = `
<DocumentFragment>
  <div
    class="container"
  >
    <div
      class="justify-content-center mt-5 row"
    >
      <div
        class="col-lg-6 col-md-8"
      >
        <h3
          class="text-shadow"
        >
          Login
        </h3>
        <div
          class="shadow-lg  p-3 card"
        >
          <form
            class=""
          >
            <div
              class="mb-3"
            >
              <label
                class="form-label"
                for="username"
              >
                Username
              </label>
              <input
                class="form-control"
                id="username"
                name="username"
                placeholder="Username"
                value=""
              />
            </div>
            <div
              class="mb-3"
            >
              <label
                class="form-label"
                for="password"
              >
                Password
              </label>
              <input
                class="form-control"
                id="password"
                name="password"
                placeholder="Password"
                type="password"
                value=""
              />
            </div>
            <div
              class="mb-3"
            >
              <label
                class="form-label"
                for="first-name"
              >
                First Name
              </label>
              <input
                class="form-control"
                id="first-name"
                name="firstName"
                placeholder="First Name"
                value=""
              />
            </div>
            <div
              class="mb-3"
            >
              <label
                class="form-label"
                for="last-name"
              >
                Last Name
              </label>
              <input
                class="form-control"
                id="last-name"
                name="lastName"
                placeholder="Last Name"
                value=""
              />
            </div>
            <div
              class="mb-3"
            >
              <label
                class="form-label"
                for="email"
              >
                Email
              </label>
              <input
                class="form-control"
                id="email"
                name="email"
                placeholder="Email"
                value=""
              />
            </div>
            <button
              class="w-100 btn btn-primary"
              type="submit"
            >
              Signup
            </button>
          </form>
        </div>
      </div>
    </div>
  </div>
</DocumentFragment>
`;
